/share/home/e2406751/.conda/envs/sisr/lib/python3.11/site-packages/lightning/fabric/plugins/environments/slurm.py:204: The `srun` command is available on your system but is not used. HINT: If your intention is to run Lightning on SLURM, prepend your python command with `srun` like so: srun python /share/castor/home/e2406751/Superresolution-TIR/scri ...
Using 16bit Automatic Mixed Precision (AMP)
GPU available: True (cuda), used: True
TPU available: False, using: 0 TPU cores
💡 Tip: For seamless cloud logging and experiment tracking, try installing [litlogger](https://pypi.org/project/litlogger/) to enable LitLogger, which logs metrics and artifacts automatically to the Lightning Experiments platform.
wandb: WARNING The anonymous setting has no effect and will be removed in a future version.
wandb: [wandb.login()] Loaded credentials for https://api.wandb.ai from WANDB_API_KEY.
wandb: Currently logged in as: ogalloethel (ogalloethel-university-of-south-brittany) to https://api.wandb.ai. Use `wandb login --relogin` to force relogin
wandb: setting up run noer8joj
wandb: Tracking run with wandb version 0.25.1
wandb: Run data is saved locally in wandb/run-20260407_102234-noer8joj
wandb: Run `wandb offline` to turn off syncing.
wandb: Syncing run EDSR_frozen_v4
wandb: ⭐️ View project at https://wandb.ai/ogalloethel-university-of-south-brittany/TIR_sisr
wandb: 🚀 View run at https://wandb.ai/ogalloethel-university-of-south-brittany/TIR_sisr/runs/noer8joj
LOCAL_RANK: 0 - CUDA_VISIBLE_DEVICES: [0]
/share/home/e2406751/.conda/envs/sisr/lib/python3.11/site-packages/lightning/pytorch/utilities/model_summary/model_summary.py:242: Precision 16-mixed is not supported by the model summary.  Estimated model size in MB will not be accurate. Using 32 bits instead.
[INFO] Loaded config for 'edsr': {'model_class': 'EDSRModule', 'n_feats': 64, 'n_blocks': 16, 'lambda_grad': 0.1, 'bb_lr_scale': 0.1}
[INFO] Splits — train: 14 | val: 3 | test: 4
  Train mean : 36.6354 °C  |  std : 4.4012 °C
[INFO] Loading pretrained weights: /share/home/e2406751/Superresolution-TIR/data/pretrained/EDSR_baseline_x4.pth
[INFO] Matched 68 / 74 layers
[INFO] Starting run: EDSR_frozen_v4
┏━━━┳━━━━━━━━━━━━┳━━━━━━━━━━━━━━━━━━━━━━━━━━━━━━━━━━┳━━━━━━━━┳━━━━━━━┳━━━━━━━┓
┃   ┃ Name       ┃ Type                             ┃ Params ┃ Mode  ┃ FLOPs ┃
┡━━━╇━━━━━━━━━━━━╇━━━━━━━━━━━━━━━━━━━━━━━━━━━━━━━━━━╇━━━━━━━━╇━━━━━━━╇━━━━━━━┩
│ 0 │ body       │ EDSR                             │  1.5 M │ train │     0 │
│ 1 │ train_psnr │ PeakSignalNoiseRatio             │      0 │ train │     0 │
│ 2 │ train_ssim │ StructuralSimilarityIndexMeasure │      0 │ train │     0 │
│ 3 │ val_psnr   │ PeakSignalNoiseRatio             │      0 │ train │     0 │
│ 4 │ val_ssim   │ StructuralSimilarityIndexMeasure │      0 │ train │     0 │
│ 5 │ test_psnr  │ PeakSignalNoiseRatio             │      0 │ train │     0 │
│ 6 │ test_ssim  │ StructuralSimilarityIndexMeasure │      0 │ train │     0 │
└───┴────────────┴──────────────────────────────────┴────────┴───────┴───────┘
Trainable params: 296 K                                                         
Non-trainable params: 1.2 M                                                     
Total params: 1.5 M                                                             
Total estimated model params size (MB): 6                                       
Modules in train mode: 80                                                       
Modules in eval mode: 0                                                         
Total FLOPs: 0                                                                  
Metric val_psnr improved. New best score: 22.406
Metric val_psnr improved by 0.284 >= min_delta = 0.0. New best score: 22.690
Metric val_psnr improved by 0.308 >= min_delta = 0.0. New best score: 22.998
Metric val_psnr improved by 0.357 >= min_delta = 0.0. New best score: 23.355
Metric val_psnr improved by 0.436 >= min_delta = 0.0. New best score: 23.791
Metric val_psnr improved by 0.544 >= min_delta = 0.0. New best score: 24.336
Metric val_psnr improved by 0.674 >= min_delta = 0.0. New best score: 25.010
Metric val_psnr improved by 0.811 >= min_delta = 0.0. New best score: 25.821
Metric val_psnr improved by 0.909 >= min_delta = 0.0. New best score: 26.730
Metric val_psnr improved by 0.852 >= min_delta = 0.0. New best score: 27.582
Metric val_psnr improved by 0.496 >= min_delta = 0.0. New best score: 28.078
Metric val_psnr improved by 0.117 >= min_delta = 0.0. New best score: 28.195
Metric val_psnr improved by 0.458 >= min_delta = 0.0. New best score: 28.654
Metric val_psnr improved by 0.416 >= min_delta = 0.0. New best score: 29.070
Metric val_psnr improved by 0.298 >= min_delta = 0.0. New best score: 29.368
Metric val_psnr improved by 0.041 >= min_delta = 0.0. New best score: 29.409
Metric val_psnr improved by 0.389 >= min_delta = 0.0. New best score: 29.798
Metric val_psnr improved by 0.357 >= min_delta = 0.0. New best score: 30.155
Metric val_psnr improved by 0.301 >= min_delta = 0.0. New best score: 30.456
Metric val_psnr improved by 0.271 >= min_delta = 0.0. New best score: 30.728
Metric val_psnr improved by 0.078 >= min_delta = 0.0. New best score: 30.806
Metric val_psnr improved by 0.156 >= min_delta = 0.0. New best score: 30.961
Metric val_psnr improved by 0.127 >= min_delta = 0.0. New best score: 31.088
Metric val_psnr improved by 0.058 >= min_delta = 0.0. New best score: 31.146
Metric val_psnr improved by 0.118 >= min_delta = 0.0. New best score: 31.264
Metric val_psnr improved by 0.039 >= min_delta = 0.0. New best score: 31.303
Metric val_psnr improved by 0.052 >= min_delta = 0.0. New best score: 31.355
Metric val_psnr improved by 0.010 >= min_delta = 0.0. New best score: 31.365
Metric val_psnr improved by 0.022 >= min_delta = 0.0. New best score: 31.387
Monitored metric val_psnr did not improve in the last 30 records. Best score: 31.387. Signaling Trainer to stop.
Epoch 90/99 ━━━━━━━━━━━━━━━━━ 7/7 0:00:00 • 0:00:00 40.00it/s v_num: 8joj       
                                                              train_loss_step:  
                                                              2.612             
                                                              train_psnr_step:  
                                                              31.371            
                                                              train_ssim_step:  
                                                              0.720 val_loss:   
                                                              2.471 val_psnr:   
                                                              31.265 val_ssim:  
                                                              0.818             
                                                              train_loss_epoch: 
                                                              2.607             
                                                              train_psnr_epoch: 
                                                              30.600            
                                                              train_ssim_epoch: 
                                                              0.735             
Restoring states from the checkpoint path at /tmp/checkpoints/EDSR_frozen_v4-epoch=060-val_psnr=31.39.ckpt
/share/home/e2406751/.conda/envs/sisr/lib/python3.11/site-packages/lightning/fabric/utilities/cloud_io.py:73: You are using `torch.load` with `weights_only=False` (the current default value), which uses the default pickle module implicitly. It is possible to construct malicious pickle data which will execute arbitrary code during unpickling (See https://github.com/pytorch/pytorch/blob/main/SECURITY.md#untrusted-models for more details). In a future release, the default value for `weights_only` will be flipped to `True`. This limits the functions that could be executed during unpickling. Arbitrary objects will no longer be allowed to be loaded via this mode unless they are explicitly allowlisted by the user via `torch.serialization.add_safe_globals`. We recommend you start setting `weights_only=True` for any use case where you don't have full control of the loaded file. Please open an issue on GitHub for any issues related to this experimental feature.
LOCAL_RANK: 0 - CUDA_VISIBLE_DEVICES: [0]
Loaded model weights from the checkpoint at /tmp/checkpoints/EDSR_frozen_v4-epoch=060-val_psnr=31.39.ckpt
[INFO] Evaluating on test set …
┏━━━━━━━━━━━━━━━━━━━━━━━━━━━┳━━━━━━━━━━━━━━━━━━━━━━━━━━━┓
┃        Test metric        ┃       DataLoader 0        ┃
┡━━━━━━━━━━━━━━━━━━━━━━━━━━━╇━━━━━━━━━━━━━━━━━━━━━━━━━━━┩
│      test_grad_loss       │    0.6589868664741516     │
│         test_loss         │     2.655427932739258     │
│         test_psnr         │     28.23031997680664     │
│      test_recon_loss      │     2.325934410095215     │
│         test_ssim         │    0.7407968044281006     │
└───────────────────────────┴───────────────────────────┘
Testing ━━━━━━━━━━━━━━━━━━━━━━━━━━━━━━━━━━━━━━ 4/4 0:00:00 • 0:00:00 43.05it/s 
wandb: uploading artifact model-noer8joj; uploading artifact model-noer8joj; uploading artifact model-noer8joj; uploading artifact model-noer8joj; uploading artifact model-noer8joj (+ 10 more)
wandb: uploading artifact model-noer8joj; uploading artifact model-noer8joj; uploading artifact model-noer8joj; uploading artifact model-noer8joj; uploading artifact model-noer8joj (+ 9 more)
wandb: uploading artifact model-noer8joj; uploading artifact model-noer8joj; uploading artifact model-noer8joj; uploading artifact model-noer8joj; uploading artifact model-noer8joj (+ 8 more)
wandb: uploading artifact model-noer8joj; uploading artifact model-noer8joj; uploading artifact model-noer8joj; uploading artifact model-noer8joj; uploading artifact model-noer8joj (+ 7 more)
wandb: uploading artifact model-noer8joj; uploading artifact model-noer8joj; uploading artifact model-noer8joj; uploading artifact model-noer8joj; uploading artifact model-noer8joj (+ 6 more)
wandb: uploading artifact model-noer8joj; uploading artifact model-noer8joj; uploading artifact model-noer8joj; uploading artifact model-noer8joj; uploading artifact model-noer8joj (+ 5 more)
wandb: uploading artifact model-noer8joj; uploading artifact model-noer8joj; uploading artifact model-noer8joj; uploading artifact model-noer8joj; uploading artifact model-noer8joj (+ 4 more)
wandb: uploading artifact model-noer8joj; uploading artifact model-noer8joj; uploading artifact model-noer8joj; uploading artifact model-noer8joj; uploading artifact model-noer8joj (+ 3 more)
wandb: uploading artifact model-noer8joj; uploading artifact model-noer8joj; uploading artifact model-noer8joj; uploading artifact model-noer8joj; uploading artifact model-noer8joj (+ 2 more)
wandb: uploading artifact model-noer8joj; uploading artifact model-noer8joj; uploading artifact model-noer8joj; uploading artifact model-noer8joj; uploading artifact model-noer8joj (+ 1 more)
wandb: uploading artifact model-noer8joj; uploading artifact model-noer8joj; uploading artifact model-noer8joj; uploading artifact model-noer8joj; uploading artifact model-noer8joj
wandb: uploading artifact model-noer8joj; uploading artifact model-noer8joj; uploading artifact model-noer8joj; uploading artifact model-noer8joj
wandb: uploading artifact model-noer8joj; uploading artifact model-noer8joj; uploading artifact model-noer8joj
wandb: uploading artifact model-noer8joj; uploading artifact model-noer8joj
wandb: uploading artifact model-noer8joj; uploading artifact model-noer8joj; uploading data
wandb: uploading artifact model-noer8joj; uploading artifact model-noer8joj
wandb: uploading artifact model-noer8joj
wandb: uploading data
wandb: 
wandb: Run history:
wandb:                 epoch ▁▁▂▂▂▂▂▂▂▃▃▃▃▃▃▃▃▃▃▃▄▄▄▅▅▅▅▅▆▆▆▆▆▆▆▇▇▇▇█
wandb:           lr-Adam/pg1 ▁▁▁▁▁▁▁▁▁▁▁▁▁▁▁▁▁▁▁▁▁▁▁▁▁▁▁▁▁▁▁▁▁▁▁▁▁▁▁▁
wandb:           lr-Adam/pg2 ▁▁▁▁▁▁▁▁▁▁▁▁▁▁▁▁▁▁▁▁▁▁▁▁▁▁▁▁▁▁▁▁▁▁▁▁▁▁▁▁
wandb:        test_grad_loss ▁
wandb:             test_loss ▁
wandb:             test_psnr ▁
wandb:       test_recon_loss ▁
wandb:             test_ssim ▁
wandb: train_grad_loss_epoch █▄▃▂▁▃▂▂▃▁▁▃▂▁▂▂▂▂▁▂▃▂▂▂▂▂▂▃▂▂▂▃▂▁▃▂▂▂▂▂
wandb:  train_grad_loss_step ▅█▄▄▂▄▁▁▇▃▅▃▂▄▅▄▄▃▆▄▅▄▄▅▅▂▇▃▅▄▄▃▇▃▃▃▇▃▅▅
wandb:                   +14 ...
wandb: 
wandb: Run summary:
wandb:                 epoch 91
wandb:           lr-Adam/pg1 1e-05
wandb:           lr-Adam/pg2 0.0001
wandb:        test_grad_loss 0.65899
wandb:             test_loss 2.65543
wandb:             test_psnr 28.23032
wandb:       test_recon_loss 2.32593
wandb:             test_ssim 0.7408
wandb: train_grad_loss_epoch 0.72853
wandb:  train_grad_loss_step 0.72136
wandb:                   +14 ...
wandb: 
wandb: 🚀 View run EDSR_frozen_v4 at: https://wandb.ai/ogalloethel-university-of-south-brittany/TIR_sisr/runs/noer8joj
wandb: ⭐️ View project at: https://wandb.ai/ogalloethel-university-of-south-brittany/TIR_sisr
wandb: Synced 5 W&B file(s), 0 media file(s), 58 artifact file(s) and 0 other file(s)
wandb: Find logs at: wandb/run-20260407_102234-noer8joj/logs
[INFO] Completed in 1.06 min
