/share/home/e2406751/.conda/envs/sisr/lib/python3.11/site-packages/torch/functional.py:534: UserWarning: torch.meshgrid: in an upcoming release, it will be required to pass the indexing argument. (Triggered internally at ../aten/src/ATen/native/TensorShape.cpp:3595.)
  return _VF.meshgrid(tensors, **kwargs)  # type: ignore[attr-defined]
/share/home/e2406751/.conda/envs/sisr/lib/python3.11/site-packages/lightning/fabric/plugins/environments/slurm.py:204: The `srun` command is available on your system but is not used. HINT: If your intention is to run Lightning on SLURM, prepend your python command with `srun` like so: srun python /share/castor/home/e2406751/Superresolution-TIR/scri ...
Using bfloat16 Automatic Mixed Precision (AMP)
GPU available: True (cuda), used: True
TPU available: False, using: 0 TPU cores
💡 Tip: For seamless cloud logging and experiment tracking, try installing [litlogger](https://pypi.org/project/litlogger/) to enable LitLogger, which logs metrics and artifacts automatically to the Lightning Experiments platform.
wandb: WARNING The anonymous setting has no effect and will be removed in a future version.
wandb: [wandb.login()] Loaded credentials for https://api.wandb.ai from WANDB_API_KEY.
wandb: Currently logged in as: ogalloethel (ogalloethel-university-of-south-brittany) to https://api.wandb.ai. Use `wandb login --relogin` to force relogin
wandb: setting up run ire3y0pm
wandb: Tracking run with wandb version 0.25.1
wandb: Run data is saved locally in wandb/run-20260511_234412-ire3y0pm
wandb: Run `wandb offline` to turn off syncing.
wandb: Syncing run 02_dir_aux
wandb: ⭐️ View project at https://wandb.ai/ogalloethel-university-of-south-brittany/TIR_sisr
wandb: 🚀 View run at https://wandb.ai/ogalloethel-university-of-south-brittany/TIR_sisr/runs/ire3y0pm
/share/home/e2406751/.conda/envs/sisr/lib/python3.11/site-packages/lightning/pytorch/callbacks/model_checkpoint.py:881: Checkpoint directory /share/castor/home/e2406751/Superresolution-TIR/checkpoints/model_dev/phase1/swinir exists and is not empty.
LOCAL_RANK: 0 - CUDA_VISIBLE_DEVICES: [0]
/share/home/e2406751/.conda/envs/sisr/lib/python3.11/site-packages/lightning/pytorch/utilities/model_summary/model_summary.py:242: Precision bf16-mixed is not supported by the model summary.  Estimated model size in MB will not be accurate. Using 32 bits instead.

============================================================
Model: swinir Training (projected aux input)
============================================================
[INFO] AUX channels detected: 20
[INFO] loaded 550 SwinIR layers
[INFO] 0 keys not loaded: []
[INFO] conv_first adapted - 21 channels
[INFO] direct strategy: input layer adapted to 21 channels
┏━━━┳━━━━━━━━━━━━━┳━━━━━━━━┳━━━━━━━━┳━━━━━━━┳━━━━━━━┓
┃   ┃ Name        ┃ Type   ┃ Params ┃ Mode  ┃ FLOPs ┃
┡━━━╇━━━━━━━━━━━━━╇━━━━━━━━╇━━━━━━━━╇━━━━━━━╇━━━━━━━┩
│ 0 │ body        │ SwinIR │ 11.9 M │ train │     0 │
│ 1 │ output_head │ Conv2d │      4 │ train │     0 │
└───┴─────────────┴────────┴────────┴───────┴───────┘
Trainable params: 11.9 M                                                        
Non-trainable params: 0                                                         
Total params: 11.9 M                                                            
Total estimated model params size (MB): 47                                      
Modules in train mode: 595                                                      
Modules in eval mode: 0                                                         
Total FLOPs: 0                                                                  
/share/home/e2406751/.conda/envs/sisr/lib/python3.11/site-packages/lightning/pytorch/utilities/data.py:79: Trying to infer the `batch_size` from an ambiguous collection. The batch size we found is 2. To avoid any miscalculations, use `self.log(..., batch_size=batch_size)`.
Epoch 66/199 ━━━━━━━━━━━━━━━━ 184/184 0:01:31 •       2.02it/s v_num: y0pm      
                                      0:00:00                  train_loss_step: 
                                                               2.619 val_loss:  
                                                               2.915            
                                                               train_loss_epoch:
                                                               2.273            
Restoring states from the checkpoint path at /share/castor/home/e2406751/Superresolution-TIR/checkpoints/model_dev/phase1/swinir/best-epoch=36-val_full_psnr=35.5092.ckpt
/share/home/e2406751/.conda/envs/sisr/lib/python3.11/site-packages/lightning/fabric/utilities/cloud_io.py:73: You are using `torch.load` with `weights_only=False` (the current default value), which uses the default pickle module implicitly. It is possible to construct malicious pickle data which will execute arbitrary code during unpickling (See https://github.com/pytorch/pytorch/blob/main/SECURITY.md#untrusted-models for more details). In a future release, the default value for `weights_only` will be flipped to `True`. This limits the functions that could be executed during unpickling. Arbitrary objects will no longer be allowed to be loaded via this mode unless they are explicitly allowlisted by the user via `torch.serialization.add_safe_globals`. We recommend you start setting `weights_only=True` for any use case where you don't have full control of the loaded file. Please open an issue on GitHub for any issues related to this experimental feature.
LOCAL_RANK: 0 - CUDA_VISIBLE_DEVICES: [0]
Loaded model weights from the checkpoint at /share/castor/home/e2406751/Superresolution-TIR/checkpoints/model_dev/phase1/swinir/best-epoch=36-val_full_psnr=35.5092.ckpt

[INFO] Total training time: 1:44:57

[INFO] Best checkpoint: /share/castor/home/e2406751/Superresolution-TIR/checkpoints/model_dev/phase1/swinir/best-epoch=36-val_full_psnr=35.5092.ckpt
┏━━━━━━━━━━━━━━━━━━━━━━━━━━━┳━━━━━━━━━━━━━━━━━━━━━━━━━━━┓
┃        Test metric        ┃       DataLoader 0        ┃
┡━━━━━━━━━━━━━━━━━━━━━━━━━━━╇━━━━━━━━━━━━━━━━━━━━━━━━━━━┩
│       test_full_mae       │     3.258427619934082     │
│      test_full_psnr       │    31.894084930419922     │
│      test_full_rmse       │     4.268420219421387     │
│      test_full_ssim       │    0.9435778260231018     │
│         test_loss         │    3.2584280967712402     │
│     test_nonwater_mae     │    3.5193209648132324     │
│    test_nonwater_psnr     │     39.36410140991211     │
│    test_nonwater_rmse     │     4.523646831512451     │
│    test_nonwater_ssim     │    0.9776657223701477     │
│      test_water_mae       │    2.4698266983032227     │
│      test_water_psnr      │     33.73338317871094     │
│      test_water_rmse      │    3.2572124004364014     │
│      test_water_ssim      │    0.9555043578147888     │
└───────────────────────────┴───────────────────────────┘
Testing ━━━━━━━━━━━━━━━━━━━━━━━━━━━━━━━━━━━━━ 32/32 0:00:04 • 0:00:00 6.80it/s 
wandb: updating run metadata
wandb: uploading output.log; uploading wandb-summary.json; uploading config.yaml
wandb: 
wandb: Run history:
wandb:              epoch ▁▁▁▂▂▂▂▂▂▂▃▃▃▃▃▃▄▄▄▄▅▅▅▅▅▆▆▆▆▆▇▇▇▇▇█████
wandb:        lr-Adam/pg1 █████████████████████████▄▄▄▄▂▂▂▁▁▁▁▁▁▁▁
wandb:        lr-Adam/pg2 ███████████████████████████▄▄▂▂▂▂▁▁▁▁▁▁▁
wandb:      test_full_mae ▁
wandb:     test_full_psnr ▁
wandb:     test_full_rmse ▁
wandb:     test_full_ssim ▁
wandb:          test_loss ▁
wandb:  test_nonwater_mae ▁
wandb: test_nonwater_psnr ▁
wandb:                +18 ...
wandb: 
wandb: Run summary:
wandb:              epoch 67
wandb:        lr-Adam/pg1 0.0
wandb:        lr-Adam/pg2 1e-05
wandb:      test_full_mae 3.25843
wandb:     test_full_psnr 31.89408
wandb:     test_full_rmse 4.26842
wandb:     test_full_ssim 0.94358
wandb:          test_loss 3.25843
wandb:  test_nonwater_mae 3.51932
wandb: test_nonwater_psnr 39.3641
wandb:                +18 ...
wandb: 
wandb: 🚀 View run 02_dir_aux at: https://wandb.ai/ogalloethel-university-of-south-brittany/TIR_sisr/runs/ire3y0pm
wandb: ⭐️ View project at: https://wandb.ai/ogalloethel-university-of-south-brittany/TIR_sisr
wandb: Synced 5 W&B file(s), 0 media file(s), 0 artifact file(s) and 0 other file(s)
wandb: Find logs at: wandb/run-20260511_234412-ire3y0pm/logs
