/share/home/e2406751/.conda/envs/sisr/lib/python3.11/site-packages/torch/functional.py:534: UserWarning: torch.meshgrid: in an upcoming release, it will be required to pass the indexing argument. (Triggered internally at ../aten/src/ATen/native/TensorShape.cpp:3595.)
  return _VF.meshgrid(tensors, **kwargs)  # type: ignore[attr-defined]
/share/home/e2406751/.conda/envs/sisr/lib/python3.11/site-packages/lightning/fabric/plugins/environments/slurm.py:204: The `srun` command is available on your system but is not used. HINT: If your intention is to run Lightning on SLURM, prepend your python command with `srun` like so: srun python /share/castor/home/e2406751/Superresolution-TIR/scri ...
Using bfloat16 Automatic Mixed Precision (AMP)
GPU available: True (cuda), used: True
TPU available: False, using: 0 TPU cores
💡 Tip: For seamless cloud logging and experiment tracking, try installing [litlogger](https://pypi.org/project/litlogger/) to enable LitLogger, which logs metrics and artifacts automatically to the Lightning Experiments platform.
wandb: WARNING The anonymous setting has no effect and will be removed in a future version.
wandb: [wandb.login()] Loaded credentials for https://api.wandb.ai from WANDB_API_KEY.
wandb: Currently logged in as: ogalloethel (ogalloethel-university-of-south-brittany) to https://api.wandb.ai. Use `wandb login --relogin` to force relogin
wandb: setting up run toz31ii3
wandb: Tracking run with wandb version 0.25.1
wandb: Run data is saved locally in wandb/run-20260512_113402-toz31ii3
wandb: Run `wandb offline` to turn off syncing.
wandb: Syncing run 05_proj_aux
wandb: ⭐️ View project at https://wandb.ai/ogalloethel-university-of-south-brittany/TIR_sisr
wandb: 🚀 View run at https://wandb.ai/ogalloethel-university-of-south-brittany/TIR_sisr/runs/toz31ii3
/share/home/e2406751/.conda/envs/sisr/lib/python3.11/site-packages/lightning/pytorch/callbacks/model_checkpoint.py:881: Checkpoint directory /share/castor/home/e2406751/Superresolution-TIR/checkpoints/model_dev/phase1/swinir exists and is not empty.
LOCAL_RANK: 0 - CUDA_VISIBLE_DEVICES: [0]
/share/home/e2406751/.conda/envs/sisr/lib/python3.11/site-packages/lightning/pytorch/utilities/model_summary/model_summary.py:242: Precision bf16-mixed is not supported by the model summary.  Estimated model size in MB will not be accurate. Using 32 bits instead.

============================================================
Model: swinir Training (projected aux input)
============================================================
[INFO] AUX channels detected: 20
[INFO] loaded 550 SwinIR layers
[INFO] 0 keys not loaded: []
┏━━━┳━━━━━━━━━━━━━┳━━━━━━━━━━━━━━━┳━━━━━━━━┳━━━━━━━┳━━━━━━━┓
┃   ┃ Name        ┃ Type          ┃ Params ┃ Mode  ┃ FLOPs ┃
┡━━━╇━━━━━━━━━━━━━╇━━━━━━━━━━━━━━━╇━━━━━━━━╇━━━━━━━╇━━━━━━━┩
│ 0 │ proj        │ AuxProjection │ 30.7 K │ train │     0 │
│ 1 │ body        │ SwinIR        │ 11.9 M │ train │     0 │
│ 2 │ output_head │ Conv2d        │      4 │ train │     0 │
└───┴─────────────┴───────────────┴────────┴───────┴───────┘
Trainable params: 11.9 M                                                        
Non-trainable params: 0                                                         
Total params: 11.9 M                                                            
Total estimated model params size (MB): 47                                      
Modules in train mode: 603                                                      
Modules in eval mode: 0                                                         
Total FLOPs: 0                                                                  
/share/home/e2406751/.conda/envs/sisr/lib/python3.11/site-packages/lightning/pytorch/utilities/data.py:79: Trying to infer the `batch_size` from an ambiguous collection. The batch size we found is 2. To avoid any miscalculations, use `self.log(..., batch_size=batch_size)`.
Epoch 72/199 ━━━━━━━━━━━━━━━━ 184/184 0:01:32 •       2.01it/s v_num: 1ii3      
                                      0:00:00                  train_loss_step: 
                                                               2.164 val_loss:  
                                                               2.701            
                                                               train_loss_epoch:
                                                               2.199            
Restoring states from the checkpoint path at /share/castor/home/e2406751/Superresolution-TIR/checkpoints/model_dev/phase1/swinir/best-epoch=42-val_full_psnr=35.6882.ckpt
/share/home/e2406751/.conda/envs/sisr/lib/python3.11/site-packages/lightning/fabric/utilities/cloud_io.py:73: You are using `torch.load` with `weights_only=False` (the current default value), which uses the default pickle module implicitly. It is possible to construct malicious pickle data which will execute arbitrary code during unpickling (See https://github.com/pytorch/pytorch/blob/main/SECURITY.md#untrusted-models for more details). In a future release, the default value for `weights_only` will be flipped to `True`. This limits the functions that could be executed during unpickling. Arbitrary objects will no longer be allowed to be loaded via this mode unless they are explicitly allowlisted by the user via `torch.serialization.add_safe_globals`. We recommend you start setting `weights_only=True` for any use case where you don't have full control of the loaded file. Please open an issue on GitHub for any issues related to this experimental feature.
LOCAL_RANK: 0 - CUDA_VISIBLE_DEVICES: [0]
Loaded model weights from the checkpoint at /share/castor/home/e2406751/Superresolution-TIR/checkpoints/model_dev/phase1/swinir/best-epoch=42-val_full_psnr=35.6882.ckpt

[INFO] Total training time: 1:57:38

[INFO] Best checkpoint: /share/castor/home/e2406751/Superresolution-TIR/checkpoints/model_dev/phase1/swinir/best-epoch=42-val_full_psnr=35.6882.ckpt
┏━━━━━━━━━━━━━━━━━━━━━━━━━━━┳━━━━━━━━━━━━━━━━━━━━━━━━━━━┓
┃        Test metric        ┃       DataLoader 0        ┃
┡━━━━━━━━━━━━━━━━━━━━━━━━━━━╇━━━━━━━━━━━━━━━━━━━━━━━━━━━┩
│       test_full_mae       │    3.0447587966918945     │
│      test_full_psnr       │     32.17381286621094     │
│      test_full_rmse       │     4.05701208114624      │
│      test_full_ssim       │    0.9440047144889832     │
│      test_grad_loss       │     0.784793496131897     │
│       test_l1_loss        │    3.0447587966918945     │
│         test_loss         │    3.0447587966918945     │
│     test_nonwater_mae     │    3.3189918994903564     │
│    test_nonwater_psnr     │     39.84628677368164     │
│    test_nonwater_rmse     │     4.330742359161377     │
│    test_nonwater_ssim     │     0.977592945098877     │
│      test_water_loss      │    2.2945475578308105     │
│      test_water_mae       │    2.2945473194122314     │
│      test_water_psnr      │     34.05910110473633     │
│      test_water_rmse      │     3.039651393890381     │
│      test_water_ssim      │    0.9557148218154907     │
└───────────────────────────┴───────────────────────────┘
Testing ━━━━━━━━━━━━━━━━━━━━━━━━━━━━━━━━━━━━━ 32/32 0:00:06 • 0:00:00 4.70it/s 
wandb: updating run metadata
wandb: uploading config.yaml; uploading output.log; uploading wandb-summary.json
wandb: uploading history steps 2903-2905, summary, console lines 18-52
wandb: 
wandb: Run history:
wandb:          epoch ▁▁▁▁▁▂▂▂▂▃▃▃▃▃▃▄▄▄▅▅▅▅▅▆▆▆▆▆▆▆▇▇▇▇▇█████
wandb:    lr-Adam/pg1 ███████████████▄▄▄▄▄▄▄▄▃▃▂▂▂▁▁▁▁▁▁▁▁▁▁▁▁
wandb:    lr-Adam/pg2 ██████████████▄▄▄▄▄▄▄▄▃▃▃▃▃▂▂▂▁▁▁▁▁▁▁▁▁▁
wandb:    lr-Adam/pg3 ██████████████▄▄▄▄▄▄▄▃▃▃▃▃▃▂▂▂▁▁▁▁▁▁▁▁▁▁
wandb:  test_full_mae ▁
wandb: test_full_psnr ▁
wandb: test_full_rmse ▁
wandb: test_full_ssim ▁
wandb: test_grad_loss ▁
wandb:   test_l1_loss ▁
wandb:            +44 ...
wandb: 
wandb: Run summary:
wandb:          epoch 73
wandb:    lr-Adam/pg1 0.0
wandb:    lr-Adam/pg2 0.0
wandb:    lr-Adam/pg3 0.0
wandb:  test_full_mae 3.04476
wandb: test_full_psnr 32.17381
wandb: test_full_rmse 4.05701
wandb: test_full_ssim 0.944
wandb: test_grad_loss 0.78479
wandb:   test_l1_loss 3.04476
wandb:            +44 ...
wandb: 
wandb: 🚀 View run 05_proj_aux at: https://wandb.ai/ogalloethel-university-of-south-brittany/TIR_sisr/runs/toz31ii3
wandb: ⭐️ View project at: https://wandb.ai/ogalloethel-university-of-south-brittany/TIR_sisr
wandb: Synced 5 W&B file(s), 0 media file(s), 0 artifact file(s) and 0 other file(s)
wandb: Find logs at: wandb/run-20260512_113402-toz31ii3/logs
