/share/home/e2406751/.conda/envs/sisr/lib/python3.11/site-packages/lightning/fabric/plugins/environments/slurm.py:204: The `srun` command is available on your system but is not used. HINT: If your intention is to run Lightning on SLURM, prepend your python command with `srun` like so: srun python /share/castor/home/e2406751/Superresolution-TIR/scri ...
GPU available: True (cuda), used: True
TPU available: False, using: 0 TPU cores
💡 Tip: For seamless cloud logging and experiment tracking, try installing [litlogger](https://pypi.org/project/litlogger/) to enable LitLogger, which logs metrics and artifacts automatically to the Lightning Experiments platform.
wandb: WARNING The anonymous setting has no effect and will be removed in a future version.
wandb: [wandb.login()] Loaded credentials for https://api.wandb.ai from WANDB_API_KEY.
wandb: Currently logged in as: ogalloethel (ogalloethel-university-of-south-brittany) to https://api.wandb.ai. Use `wandb login --relogin` to force relogin
wandb: setting up run 3y0dktm0
wandb: Tracking run with wandb version 0.25.1
wandb: Run data is saved locally in wandb/run-20260505_114702-3y0dktm0
wandb: Run `wandb offline` to turn off syncing.
wandb: Syncing run edsr_ph2
wandb: ⭐️ View project at https://wandb.ai/ogalloethel-university-of-south-brittany/TIR_sisr
wandb: 🚀 View run at https://wandb.ai/ogalloethel-university-of-south-brittany/TIR_sisr/runs/3y0dktm0
LOCAL_RANK: 0 - CUDA_VISIBLE_DEVICES: [0]
/share/home/e2406751/.conda/envs/sisr/lib/python3.11/site-packages/lightning/pytorch/utilities/data.py:79: Trying to infer the `batch_size` from an ambiguous collection. The batch size we found is 4. To avoid any miscalculations, use `self.log(..., batch_size=batch_size)`.
Metric val_psnr improved. New best score: 19.623
Epoch 0, global step 92: 'val_psnr' reached 19.62294 (best 19.62294), saving model to '/share/castor/home/e2406751/Superresolution-TIR/checkpoints/phase2/edsr/edsr_phase2_epoch=00_val_psnr=19.6229.ckpt' as top 1
Metric val_psnr improved by 0.451 >= min_delta = 0.0. New best score: 20.074
Epoch 1, global step 184: 'val_psnr' reached 20.07366 (best 20.07366), saving model to '/share/castor/home/e2406751/Superresolution-TIR/checkpoints/phase2/edsr/edsr_phase2_epoch=01_val_psnr=20.0737.ckpt' as top 1
Metric val_psnr improved by 0.264 >= min_delta = 0.0. New best score: 20.337
Epoch 2, global step 276: 'val_psnr' reached 20.33732 (best 20.33732), saving model to '/share/castor/home/e2406751/Superresolution-TIR/checkpoints/phase2/edsr/edsr_phase2_epoch=02_val_psnr=20.3373.ckpt' as top 1
Metric val_psnr improved by 0.043 >= min_delta = 0.0. New best score: 20.380
Epoch 3, global step 368: 'val_psnr' reached 20.38027 (best 20.38027), saving model to '/share/castor/home/e2406751/Superresolution-TIR/checkpoints/phase2/edsr/edsr_phase2_epoch=03_val_psnr=20.3803.ckpt' as top 1
Metric val_psnr improved by 0.110 >= min_delta = 0.0. New best score: 20.491
Epoch 4, global step 460: 'val_psnr' reached 20.49059 (best 20.49059), saving model to '/share/castor/home/e2406751/Superresolution-TIR/checkpoints/phase2/edsr/edsr_phase2_epoch=04_val_psnr=20.4906.ckpt' as top 1
Epoch 5, global step 552: 'val_psnr' was not in top 1
Epoch 6, global step 644: 'val_psnr' was not in top 1
Metric val_psnr improved by 0.017 >= min_delta = 0.0. New best score: 20.507
Epoch 7, global step 736: 'val_psnr' reached 20.50714 (best 20.50714), saving model to '/share/castor/home/e2406751/Superresolution-TIR/checkpoints/phase2/edsr/edsr_phase2_epoch=07_val_psnr=20.5071.ckpt' as top 1
Metric val_psnr improved by 0.075 >= min_delta = 0.0. New best score: 20.582
Epoch 8, global step 828: 'val_psnr' reached 20.58222 (best 20.58222), saving model to '/share/castor/home/e2406751/Superresolution-TIR/checkpoints/phase2/edsr/edsr_phase2_epoch=08_val_psnr=20.5822.ckpt' as top 1
Metric val_psnr improved by 0.057 >= min_delta = 0.0. New best score: 20.640
Epoch 9, global step 920: 'val_psnr' reached 20.63969 (best 20.63969), saving model to '/share/castor/home/e2406751/Superresolution-TIR/checkpoints/phase2/edsr/edsr_phase2_epoch=09_val_psnr=20.6397.ckpt' as top 1
Epoch 10, global step 1012: 'val_psnr' was not in top 1
Epoch 11, global step 1104: 'val_psnr' was not in top 1
Epoch 12, global step 1196: 'val_psnr' was not in top 1
Epoch 13, global step 1288: 'val_psnr' was not in top 1
Epoch 14, global step 1380: 'val_psnr' was not in top 1
Epoch 15, global step 1472: 'val_psnr' was not in top 1
Epoch 16, global step 1564: 'val_psnr' was not in top 1
Epoch 17, global step 1656: 'val_psnr' was not in top 1
Metric val_psnr improved by 0.077 >= min_delta = 0.0. New best score: 20.717
Epoch 18, global step 1748: 'val_psnr' reached 20.71701 (best 20.71701), saving model to '/share/castor/home/e2406751/Superresolution-TIR/checkpoints/phase2/edsr/edsr_phase2_epoch=18_val_psnr=20.7170.ckpt' as top 1
Epoch 19, global step 1840: 'val_psnr' was not in top 1
Epoch 20, global step 1932: 'val_psnr' was not in top 1
Metric val_psnr improved by 0.016 >= min_delta = 0.0. New best score: 20.733
Epoch 21, global step 2024: 'val_psnr' reached 20.73302 (best 20.73302), saving model to '/share/castor/home/e2406751/Superresolution-TIR/checkpoints/phase2/edsr/edsr_phase2_epoch=21_val_psnr=20.7330.ckpt' as top 1
Epoch 22, global step 2116: 'val_psnr' was not in top 1
Epoch 23, global step 2208: 'val_psnr' was not in top 1
Metric val_psnr improved by 0.042 >= min_delta = 0.0. New best score: 20.775
Epoch 24, global step 2300: 'val_psnr' reached 20.77530 (best 20.77530), saving model to '/share/castor/home/e2406751/Superresolution-TIR/checkpoints/phase2/edsr/edsr_phase2_epoch=24_val_psnr=20.7753.ckpt' as top 1
Epoch 25, global step 2392: 'val_psnr' was not in top 1
Epoch 26, global step 2484: 'val_psnr' was not in top 1
Epoch 27, global step 2576: 'val_psnr' was not in top 1
Epoch 28, global step 2668: 'val_psnr' was not in top 1
Metric val_psnr improved by 0.020 >= min_delta = 0.0. New best score: 20.795
Epoch 29, global step 2760: 'val_psnr' reached 20.79533 (best 20.79533), saving model to '/share/castor/home/e2406751/Superresolution-TIR/checkpoints/phase2/edsr/edsr_phase2_epoch=29_val_psnr=20.7953.ckpt' as top 1
Epoch 30, global step 2852: 'val_psnr' was not in top 1
Epoch 31, global step 2944: 'val_psnr' was not in top 1
Epoch 32, global step 3036: 'val_psnr' was not in top 1
Epoch 33, global step 3128: 'val_psnr' was not in top 1
Epoch 34, global step 3220: 'val_psnr' was not in top 1
Epoch 35, global step 3312: 'val_psnr' was not in top 1
Metric val_psnr improved by 0.072 >= min_delta = 0.0. New best score: 20.867
Epoch 36, global step 3404: 'val_psnr' reached 20.86734 (best 20.86734), saving model to '/share/castor/home/e2406751/Superresolution-TIR/checkpoints/phase2/edsr/edsr_phase2_epoch=36_val_psnr=20.8673.ckpt' as top 1
Epoch 37, global step 3496: 'val_psnr' was not in top 1
Epoch 38, global step 3588: 'val_psnr' was not in top 1
Epoch 39, global step 3680: 'val_psnr' was not in top 1
Epoch 40, global step 3772: 'val_psnr' was not in top 1
Metric val_psnr improved by 0.011 >= min_delta = 0.0. New best score: 20.878
Epoch 41, global step 3864: 'val_psnr' reached 20.87798 (best 20.87798), saving model to '/share/castor/home/e2406751/Superresolution-TIR/checkpoints/phase2/edsr/edsr_phase2_epoch=41_val_psnr=20.8780.ckpt' as top 1
Epoch 42, global step 3956: 'val_psnr' was not in top 1
Epoch 43, global step 4048: 'val_psnr' was not in top 1
Epoch 44, global step 4140: 'val_psnr' was not in top 1
Epoch 45, global step 4232: 'val_psnr' was not in top 1
Epoch 46, global step 4324: 'val_psnr' was not in top 1
Metric val_psnr improved by 0.003 >= min_delta = 0.0. New best score: 20.881
Epoch 47, global step 4416: 'val_psnr' reached 20.88055 (best 20.88055), saving model to '/share/castor/home/e2406751/Superresolution-TIR/checkpoints/phase2/edsr/edsr_phase2_epoch=47_val_psnr=20.8806.ckpt' as top 1
Epoch 48, global step 4508: 'val_psnr' was not in top 1
Metric val_psnr improved by 0.053 >= min_delta = 0.0. New best score: 20.934
Epoch 49, global step 4600: 'val_psnr' reached 20.93384 (best 20.93384), saving model to '/share/castor/home/e2406751/Superresolution-TIR/checkpoints/phase2/edsr/edsr_phase2_epoch=49_val_psnr=20.9338.ckpt' as top 1
Epoch 50, global step 4692: 'val_psnr' was not in top 1
Epoch 51, global step 4784: 'val_psnr' was not in top 1
Epoch 52, global step 4876: 'val_psnr' was not in top 1
Epoch 53, global step 4968: 'val_psnr' was not in top 1
Epoch 54, global step 5060: 'val_psnr' was not in top 1
Epoch 55, global step 5152: 'val_psnr' was not in top 1
Epoch 56, global step 5244: 'val_psnr' was not in top 1
Metric val_psnr improved by 0.025 >= min_delta = 0.0. New best score: 20.959
Epoch 57, global step 5336: 'val_psnr' reached 20.95857 (best 20.95857), saving model to '/share/castor/home/e2406751/Superresolution-TIR/checkpoints/phase2/edsr/edsr_phase2_epoch=57_val_psnr=20.9586.ckpt' as top 1
Epoch 58, global step 5428: 'val_psnr' was not in top 1
Epoch 59, global step 5520: 'val_psnr' was not in top 1
Epoch 60, global step 5612: 'val_psnr' was not in top 1
Epoch 61, global step 5704: 'val_psnr' was not in top 1
Epoch 62, global step 5796: 'val_psnr' was not in top 1
Epoch 63, global step 5888: 'val_psnr' was not in top 1
Epoch 64, global step 5980: 'val_psnr' was not in top 1
Epoch 65, global step 6072: 'val_psnr' was not in top 1
Epoch 66, global step 6164: 'val_psnr' was not in top 1
Epoch 67, global step 6256: 'val_psnr' was not in top 1
Epoch 68, global step 6348: 'val_psnr' was not in top 1
Metric val_psnr improved by 0.017 >= min_delta = 0.0. New best score: 20.976
Epoch 69, global step 6440: 'val_psnr' reached 20.97595 (best 20.97595), saving model to '/share/castor/home/e2406751/Superresolution-TIR/checkpoints/phase2/edsr/edsr_phase2_epoch=69_val_psnr=20.9760.ckpt' as top 1
Epoch 70, global step 6532: 'val_psnr' was not in top 1
Epoch 71, global step 6624: 'val_psnr' was not in top 1
Epoch 72, global step 6716: 'val_psnr' was not in top 1
Epoch 73, global step 6808: 'val_psnr' was not in top 1
Epoch 74, global step 6900: 'val_psnr' was not in top 1
Epoch 75, global step 6992: 'val_psnr' was not in top 1
Epoch 76, global step 7084: 'val_psnr' was not in top 1
Epoch 77, global step 7176: 'val_psnr' was not in top 1
Epoch 78, global step 7268: 'val_psnr' was not in top 1
Epoch 79, global step 7360: 'val_psnr' was not in top 1
Epoch 80, global step 7452: 'val_psnr' was not in top 1
Epoch 81, global step 7544: 'val_psnr' was not in top 1
Epoch 82, global step 7636: 'val_psnr' was not in top 1
Epoch 83, global step 7728: 'val_psnr' was not in top 1
Epoch 84, global step 7820: 'val_psnr' was not in top 1
Epoch 85, global step 7912: 'val_psnr' was not in top 1
Epoch 86, global step 8004: 'val_psnr' was not in top 1
Epoch 87, global step 8096: 'val_psnr' was not in top 1
Epoch 88, global step 8188: 'val_psnr' was not in top 1
Monitored metric val_psnr did not improve in the last 20 records. Best score: 20.976. Signaling Trainer to stop.
Epoch 89, global step 8280: 'val_psnr' was not in top 1
wandb: updating run metadata
wandb: uploading wandb-summary.json; uploading config.yaml; uploading output.log
wandb: 
wandb: Run history:
wandb:               epoch ▁▁▁▁▁▁▂▂▂▂▂▂▂▂▃▃▃▃▃▃▄▄▄▅▅▆▆▆▆▆▆▆▆▇▇▇▇▇██
wandb:             lr-Adam ██████████▄▄▄▄▄▄▄▄▄▃▃▃▃▃▃▂▂▂▂▁▁▁▁▁▁▁▁▁▁▁
wandb:    train_loss_epoch █▅▄▄▄▃▃▃▃▃▃▂▂▂▂▂▂▂▂▂▂▁▁▁▁▁▁▁▁▁▁▁▁▁▁▁▁▁▁▁
wandb:     train_loss_step ▆█▄▄▃█▅▄▄▄▆▃▂▃▅▄▅▂▃▂▄▁▂▂▄▄▄▃▁▂▄▂▆▄▃▂▄▂▃▃
wandb:           train_mae █▆▆▆▅▅▄▄▄▄▃▄▃▃▃▃▃▃▂▂▂▂▂▂▂▂▂▁▁▁▁▁▁▁▁▁▁▁▁▁
wandb:          train_psnr ▁▅▅▅▅▆▆▆▆▆▆▆▇▇▇▇▇▇▇▇▇▇▇▇▇█▇▇████████████
wandb:          train_rmse █▄▄▄▃▃▃▂▂▂▂▂▂▂▂▂▂▂▂▂▂▂▂▁▁▁▁▁▁▁▁▁▁▁▁▁▁▁▁▁
wandb:          train_ssim ▁▂▁▂▃▄▄▅▆▆▆▆▆▆▆▆▆▆▆▆▇▆▆▆█▇▇▇▇▇▇▇▇▇▇██▇▇▇
wandb: trainer/global_step ▁▁▁▁▂▂▂▂▂▂▂▃▃▃▄▄▄▄▄▄▅▅▅▅▅▅▆▆▆▆▆▆▆▆▇▇▇▇▇█
wandb:            val_loss ▇▆█▆▅▅▅▄▅▄▃▃▃▃▃▃▃▃▃▂▂▂▂▂▂▂▁▂▁▁▁▁▁▁▁▁▁▁▁▁
wandb:                  +4 ...
wandb: 
wandb: Run summary:
wandb:               epoch 89
wandb:             lr-Adam 0.0
wandb:    train_loss_epoch 2.50938
wandb:     train_loss_step 2.25163
wandb:           train_mae 2.50938
wandb:          train_psnr 22.46058
wandb:          train_rmse 3.64945
wandb:          train_ssim 0.95558
wandb: trainer/global_step 8279
wandb:            val_loss 3.16954
wandb:                  +4 ...
wandb: 
wandb: 🚀 View run edsr_ph2 at: https://wandb.ai/ogalloethel-university-of-south-brittany/TIR_sisr/runs/3y0dktm0
wandb: ⭐️ View project at: https://wandb.ai/ogalloethel-university-of-south-brittany/TIR_sisr
wandb: Synced 5 W&B file(s), 0 media file(s), 0 artifact file(s) and 0 other file(s)
wandb: Find logs at: wandb/run-20260505_114702-3y0dktm0/logs
